BEGIN V03 NATIVE
Trace rifle: Weapon / actual inventory M16 icon
Traceback (most recent call last):
  File "<string>", line 288, in <module>
  File "<string>", line 245, in build
  File "C:\UnrealEngine\Games\AZ\UI Design\CHALK_HUD_v01\sources\build_hud_gimp.py", line 171, in quiet
    imported(img,p,'Weapon / actual inventory M16 icon','Rifle_PrimaryIcon.png',1507,833,174,87,WHITE,91)
    ~~~~~~~~^^^^^^^^^^^^^^^^^^^^^^^^^^^^^^^^^^^^^^^^^^^^^^^^^^^^^^^^^^^^^^^^^^^^^^^^^^^^^^^^^^^^^^^^^^^^^
  File "<string>", line 113, in imported
TypeError: could not convert [<Gimp.Layer object at 0x000001d89843e6c0 (GimpLayer at 0x000001d8974671c0)>] to type 'GimpCoreObjectArray' when setting property 'GimpProcedureConfig-plug-in-sel2path.drawables'

BEGIN V03 NATIVE
Trace rifle: Weapon / actual inventory M16 icon
Trace rifle: M16 / existing inventory icon
Native drawing complete
Exported 01_HUD_Compass.png
Exported 02_HUD_No_Compass.png
Exported 03_Quick_Select_Compass.png
Saved CHALK_HUD_v03_NATIVE.xcf
Exported HUD_Compass_Transparent.png
Saved CHALK_Quick_Select_v03_NATIVE.xcf
READBACK {"text": 28, "vector": 101, "paint": 3, "image": 1, "groups": 32} paths=101
DONE V03
